// Jest Snapshot v1, https://goo.gl/fbAQLP

exports[`Component should have padding around it 1`] = `
.c0 {
  padding: 8px;
}

<Spacing
  padding={
    Array [
      1,
    ]
  }
>
  <styled.div
    padding={
      Array [
        1,
      ]
    }
  >
    <div
      className="c0"
    >
      <div />
    </div>
  </styled.div>
</Spacing>
`;
